{
 "matches": [
  {
   "vulnerability": {
    "id": "CVE-1999-0001",
    "severity": "Low",
    "description": "1999-01 description",
    "cvss": [
     {
      "version": "3.0",
      "vector": "another vector",
      "metrics": {
       "baseScore": 4
      }
     }
    ],
    "fixedInVersion": "the-next-version"
   },
   "matchDetails": {
    "matcher": "dpkg-matcher",
    "searchKey": {
     "distro": {
      "type": "ubuntu",
      "version": "20.04"
     }
    },
    "matchedOn": {
     "constraint": ">= 20"
    }
   },
   "artifact": {
    "name": "package-1",
    "version": "1.1.1",
    "type": "deb",
    "locations": [
     {
      "path": "/somefile-1.txt",
      "layerID": "sha256:c2c11a982a881706462e8ddf029a7c087cc84c51a7a2b45c8a2c0dc87f98a956"
     }
    ],
    "language": "",
    "licenses": null,
    "cpes": [
     "cpe:2.3:a:anchore:engine:0.9.2:*:*:python:*:*:*:*"
    ],
    "purl": "",
    "metadata": {
     "Source": "a source!"
    }
   }
  },
  {
   "vulnerability": {
    "id": "CVE-1999-0002",
    "severity": "Critical",
    "description": "1999-02 description",
    "cvss": [
     {
      "version": "2.0",
      "vector": "vector",
      "metrics": {
       "baseScore": 1,
       "exploitabilityScore": 2,
       "impactScore": 3
      },
      "vendorMetadata": {
       "BaseSeverity": "Low",
       "Status": "verified"
      }
     }
    ]
   },
   "matchDetails": {
    "matcher": "dpkg-matcher",
    "searchKey": {
     "cpe": "somecpe"
    },
    "matchedOn": {
     "constraint": "somecpe"
    }
   },
   "artifact": {
    "name": "package-1",
    "version": "1.1.1",
    "type": "deb",
    "locations": [
     {
      "path": "/somefile-1.txt",
      "layerID": "sha256:c2c11a982a881706462e8ddf029a7c087cc84c51a7a2b45c8a2c0dc87f98a956"
     }
    ],
    "language": "",
    "licenses": null,
    "cpes": [
     "cpe:2.3:a:anchore:engine:0.9.2:*:*:python:*:*:*:*"
    ],
    "purl": "",
    "metadata": {
     "Source": "a source!"
    }
   }
  },
  {
   "vulnerability": {
    "id": "CVE-1999-0003",
    "severity": "High",
    "description": "1999-03 description",
    "fixedInVersion": "the-other-next-version"
   },
   "matchDetails": {
    "matcher": "dpkg-matcher",
    "searchKey": {
     "language": "java"
    },
    "matchedOn": {
     "constraint": "< 2.0.0"
    }
   },
   "artifact": {
    "name": "package-1",
    "version": "1.1.1",
    "type": "deb",
    "locations": [
     {
      "path": "/somefile-1.txt",
      "layerID": "sha256:c2c11a982a881706462e8ddf029a7c087cc84c51a7a2b45c8a2c0dc87f98a956"
     }
    ],
    "language": "",
    "licenses": null,
    "cpes": [
     "cpe:2.3:a:anchore:engine:0.9.2:*:*:python:*:*:*:*"
    ],
    "purl": "",
    "metadata": {
     "Source": "a source!"
    }
   }
  }
 ],
 "source": {
  "type": "image",
  "target": {
   "userInput": "user-input",
   "imageID": "sha256:7b1ffd8881becd358f2a3a14af2ac93cda21c5b9f5289f70ae84242aff331cf8",
   "manifestDigest": "sha256:170950efb51b3d0df5a24bc8f96a4ab45f2770f5c34821b7485bd4adb1b0c3c0",
   "mediaType": "application/vnd.docker.distribution.manifest.v2+json",
   "tags": [
    "stereoscope-fixture-image-simple:04e16e44161c8888a1a963720fd0443cbf7eef8101434c431de8725cd98cc9f7"
   ],
   "imageSize": 65,
   "layers": [
    {
     "mediaType": "application/vnd.docker.image.rootfs.diff.tar.gzip",
     "digest": "sha256:c2c11a982a881706462e8ddf029a7c087cc84c51a7a2b45c8a2c0dc87f98a956",
     "size": 22
    },
    {
     "mediaType": "application/vnd.docker.image.rootfs.diff.tar.gzip",
     "digest": "sha256:4c298eb465d790d8da68d806bba42cff3aae58b90f839352c9a26d7e4cf61e63",
     "size": 16
    },
    {
     "mediaType": "application/vnd.docker.image.rootfs.diff.tar.gzip",
     "digest": "sha256:12d81ca66cffb51cce8cdba79644e8e57984359783a82efa65453d62a9a78029",
     "size": 27
    }
   ],
   "manifest": "eyJzY2hlbWFWZXJzaW9uIjoyLCJtZWRpYVR5cGUiOiJhcHBsaWNhdGlvbi92bmQuZG9ja2VyLmRpc3RyaWJ1dGlvbi5tYW5pZmVzdC52Mitqc29uIiwiY29uZmlnIjp7Im1lZGlhVHlwZSI6ImFwcGxpY2F0aW9uL3ZuZC5kb2NrZXIuY29udGFpbmVyLmltYWdlLnYxK2pzb24iLCJzaXplIjo4NjUsImRpZ2VzdCI6InNoYTI1Njo3YjFmZmQ4ODgxYmVjZDM1OGYyYTNhMTRhZjJhYzkzY2RhMjFjNWI5ZjUyODlmNzBhZTg0MjQyYWZmMzMxY2Y4In0sImxheWVycyI6W3sibWVkaWFUeXBlIjoiYXBwbGljYXRpb24vdm5kLmRvY2tlci5pbWFnZS5yb290ZnMuZGlmZi50YXIuZ3ppcCIsInNpemUiOjIwNDgsImRpZ2VzdCI6InNoYTI1NjpjMmMxMWE5ODJhODgxNzA2NDYyZThkZGYwMjlhN2MwODdjYzg0YzUxYTdhMmI0NWM4YTJjMGRjODdmOThhOTU2In0seyJtZWRpYVR5cGUiOiJhcHBsaWNhdGlvbi92bmQuZG9ja2VyLmltYWdlLnJvb3Rmcy5kaWZmLnRhci5nemlwIiwic2l6ZSI6MjA0OCwiZGlnZXN0Ijoic2hhMjU2OjRjMjk4ZWI0NjVkNzkwZDhkYTY4ZDgwNmJiYTQyY2ZmM2FhZTU4YjkwZjgzOTM1MmM5YTI2ZDdlNGNmNjFlNjMifSx7Im1lZGlhVHlwZSI6ImFwcGxpY2F0aW9uL3ZuZC5kb2NrZXIuaW1hZ2Uucm9vdGZzLmRpZmYudGFyLmd6aXAiLCJzaXplIjozNTg0LCJkaWdlc3QiOiJzaGEyNTY6MTJkODFjYTY2Y2ZmYjUxY2NlOGNkYmE3OTY0NGU4ZTU3OTg0MzU5NzgzYTgyZWZhNjU0NTNkNjJhOWE3ODAyOSJ9XX0=",
   "config": "eyJhcmNoaXRlY3R1cmUiOiJhbWQ2NCIsImNvbmZpZyI6eyJFbnYiOlsiUEFUSD0vdXNyL2xvY2FsL3NiaW46L3Vzci9sb2NhbC9iaW46L3Vzci9zYmluOi91c3IvYmluOi9zYmluOi9iaW4iXSwiV29ya2luZ0RpciI6Ii8iLCJPbkJ1aWxkIjpudWxsfSwiY3JlYXRlZCI6IjIwMjEtMDUtMjRUMTk6NTU6NDcuNDc1ODE1ODA1WiIsImhpc3RvcnkiOlt7ImNyZWF0ZWQiOiIyMDIxLTA1LTA0VDE1OjIwOjU4LjUwMDUxMjk4WiIsImNyZWF0ZWRfYnkiOiJBREQgZmlsZS0xLnR4dCAvc29tZWZpbGUtMS50eHQgIyBidWlsZGtpdCIsImNvbW1lbnQiOiJidWlsZGtpdC5kb2NrZXJmaWxlLnYwIn0seyJjcmVhdGVkIjoiMjAyMS0wNS0wNFQxNToyMDo1OC41NzA4NTU0NzVaIiwiY3JlYXRlZF9ieSI6IkFERCBmaWxlLTIudHh0IC9zb21lZmlsZS0yLnR4dCAjIGJ1aWxka2l0IiwiY29tbWVudCI6ImJ1aWxka2l0LmRvY2tlcmZpbGUudjAifSx7ImNyZWF0ZWQiOiIyMDIxLTA1LTI0VDE5OjU1OjQ3LjQ3NTgxNTgwNVoiLCJjcmVhdGVkX2J5IjoiQUREIHRhcmdldCAvICMgYnVpbGRraXQiLCJjb21tZW50IjoiYnVpbGRraXQuZG9ja2VyZmlsZS52MCJ9XSwib3MiOiJsaW51eCIsInJvb3RmcyI6eyJ0eXBlIjoibGF5ZXJzIiwiZGlmZl9pZHMiOlsic2hhMjU2OmMyYzExYTk4MmE4ODE3MDY0NjJlOGRkZjAyOWE3YzA4N2NjODRjNTFhN2EyYjQ1YzhhMmMwZGM4N2Y5OGE5NTYiLCJzaGEyNTY6NGMyOThlYjQ2NWQ3OTBkOGRhNjhkODA2YmJhNDJjZmYzYWFlNThiOTBmODM5MzUyYzlhMjZkN2U0Y2Y2MWU2MyIsInNoYTI1NjoxMmQ4MWNhNjZjZmZiNTFjY2U4Y2RiYTc5NjQ0ZThlNTc5ODQzNTk3ODNhODJlZmE2NTQ1M2Q2MmE5YTc4MDI5Il19fQ==",
   "repoDigests": []
  }
 },
 "distro": {
  "name": "centos",
  "version": "8.0",
  "idLike": "rhel"
 },
 "descriptor": {
  "name": "grype",
  "version": "[not provided]"
 }
}
