<?xml version="1.0" encoding="UTF-8"?>
<bom xmlns="http://cyclonedx.org/schema/bom/1.2" version="1" serialNumber="urn:uuid:9d8e0f0f-506a-4ed6-8723-f8d0fd4db521">
  <components>
    <component type="library">
      <name>package-1</name>
      <version>1.0.1</version>
      <v:vulnerabilities ref="urn:uuid:20cf4435-59df-4b0f-905b-5340c891d6ec">
        <v:id>CVE-1999-0001</v:id>
        <v:source v:name="source-1">
          <v:url>http://cve.mitre.org/cgi-bin/cvename.cgi?name=CVE-1999-0001</v:url>
        </v:source>
        <v:ratings>
          <v:score>
            <v:base>4</v:base>
            <v:impact>0</v:impact>
            <v:exploitability>0</v:exploitability>
          </v:score>
          <v:severity>Low</v:severity>
          <v:method>CVSSv3</v:method>
          <v:vector>another vector</v:vector>
        </v:ratings>
        <v:description>1999-01 description</v:description>
        <v:advisories></v:advisories>
      </v:vulnerabilities>
      <v:vulnerabilities ref="urn:uuid:5690f1e4-0239-4615-abeb-5dc0574d94e6">
        <v:id>CVE-1999-0002</v:id>
        <v:source v:name="source-2">
          <v:url>http://cve.mitre.org/cgi-bin/cvename.cgi?name=CVE-1999-0002</v:url>
        </v:source>
        <v:ratings>
          <v:score>
            <v:base>1</v:base>
            <v:impact>3</v:impact>
            <v:exploitability>2</v:exploitability>
          </v:score>
          <v:severity>Critical</v:severity>
          <v:method>CVSSv2</v:method>
          <v:vector>vector</v:vector>
        </v:ratings>
        <v:description>1999-02 description</v:description>
        <v:advisories></v:advisories>
      </v:vulnerabilities>
    </component>
    <component type="library">
      <name>package-2</name>
      <version>2.0.1</version>
      <licenses>
        <license>
          <name>MIT</name>
        </license>
        <license>
          <name>Apache-v2</name>
        </license>
      </licenses>
    </component>
  </components>
  <bd:metadata>
    <bd:timestamp>2020-08-31T15:39:55-04:00</bd:timestamp>
    <bd:tool>
      <bd:vendor>anchore</bd:vendor>
      <bd:name>syft</bd:name>
      <bd:version>[not provided]</bd:version>
    </bd:tool>
    <bd:component type="file">
      <name>/some/path</name>
      <version></version>
    </bd:component>
  </bd:metadata>
</bom>