{
 "matches": [
  {
   "vulnerability": {
    "id": "CVE-1999-0001",
    "severity": "Low",
    "description": "1999-01 description",
    "cvssV3": {
     "baseScore": 4,
     "vector": "another vector"
    },
    "fixedInVersion": "the-next-version"
   },
   "matchDetails": {
    "matcher": "dpkg-matcher",
    "searchKey": {
     "distro": {
      "type": "ubuntu",
      "version": "20.04"
     }
    },
    "matchedOn": {
     "constraint": ">= 20"
    }
   },
   "artifact": {
    "name": "package-1",
    "version": "1.1.1",
    "type": "deb",
    "locations": [
     {
      "path": "/somefile-1.txt",
      "layerID": "sha256:b88a24323f1928db5a41beae726ff1be4d79c6f2b1fdb3f1045df0bf64c71ec2"
     }
    ],
    "language": "",
    "licenses": null,
    "cpes": [
     "cpe:2.3:a:anchore:engine:0.9.2:*:*:python:*:*:*:*"
    ],
    "purl": ""
   }
  },
  {
   "vulnerability": {
    "id": "CVE-1999-0002",
    "severity": "Critical",
    "description": "1999-02 description",
    "cvssV2": {
     "baseScore": 1,
     "exploitabilityScore": 2,
     "impactScore": 3,
     "vector": "vector"
    }
   },
   "matchDetails": {
    "matcher": "dpkg-matcher",
    "searchKey": {
     "cpe": "somecpe"
    },
    "matchedOn": {
     "constraint": "somecpe"
    }
   },
   "artifact": {
    "name": "package-1",
    "version": "1.1.1",
    "type": "deb",
    "locations": [
     {
      "path": "/somefile-1.txt",
      "layerID": "sha256:b88a24323f1928db5a41beae726ff1be4d79c6f2b1fdb3f1045df0bf64c71ec2"
     }
    ],
    "language": "",
    "licenses": null,
    "cpes": [
     "cpe:2.3:a:anchore:engine:0.9.2:*:*:python:*:*:*:*"
    ],
    "purl": ""
   }
  },
  {
   "vulnerability": {
    "id": "CVE-1999-0003",
    "severity": "High",
    "description": "1999-03 description",
    "fixedInVersion": "the-other-next-version"
   },
   "matchDetails": {
    "matcher": "dpkg-matcher",
    "searchKey": {
     "language": "java"
    },
    "matchedOn": {
     "constraint": "< 2.0.0"
    }
   },
   "artifact": {
    "name": "package-1",
    "version": "1.1.1",
    "type": "deb",
    "locations": [
     {
      "path": "/somefile-1.txt",
      "layerID": "sha256:b88a24323f1928db5a41beae726ff1be4d79c6f2b1fdb3f1045df0bf64c71ec2"
     }
    ],
    "language": "",
    "licenses": null,
    "cpes": [
     "cpe:2.3:a:anchore:engine:0.9.2:*:*:python:*:*:*:*"
    ],
    "purl": ""
   }
  }
 ],
 "source": {
  "type": "image",
  "target": {
   "userInput": "user-input",
   "imageID": "sha256:a46b926ebebc06d4ffe56ceb897a1417f248843a3acfd8c9b9e26d2c2e67935c",
   "manifestDigest": "sha256:ee4cdbd03ad61d95aeb4d32e06452840d23ed37390fc6f1ae9a0cb5626282c32",
   "mediaType": "application/vnd.docker.distribution.manifest.v2+json",
   "tags": [
    "stereoscope-fixture-image-simple:04e16e44161c8888a1a963720fd0443cbf7eef8101434c431de8725cd98cc9f7"
   ],
   "imageSize": 65,
   "layers": [
    {
     "mediaType": "application/vnd.docker.image.rootfs.diff.tar.gzip",
     "digest": "sha256:b88a24323f1928db5a41beae726ff1be4d79c6f2b1fdb3f1045df0bf64c71ec2",
     "size": 22
    },
    {
     "mediaType": "application/vnd.docker.image.rootfs.diff.tar.gzip",
     "digest": "sha256:e8f07a98150adbe92a20b608862f98d50d6645deffd793540d5d37e098387782",
     "size": 16
    },
    {
     "mediaType": "application/vnd.docker.image.rootfs.diff.tar.gzip",
     "digest": "sha256:17138366fdc260fb1ead2f4153d7cc2d217273b526413a14e39642aa6e5b1774",
     "size": 27
    }
   ],
   "manifest": "eyJzY2hlbWFWZXJzaW9uIjoyLCJtZWRpYVR5cGUiOiJhcHBsaWNhdGlvbi92bmQuZG9ja2VyLmRpc3RyaWJ1dGlvbi5tYW5pZmVzdC52Mitqc29uIiwiY29uZmlnIjp7Im1lZGlhVHlwZSI6ImFwcGxpY2F0aW9uL3ZuZC5kb2NrZXIuY29udGFpbmVyLmltYWdlLnYxK2pzb24iLCJzaXplIjo4NTgsImRpZ2VzdCI6InNoYTI1NjphNDZiOTI2ZWJlYmMwNmQ0ZmZlNTZjZWI4OTdhMTQxN2YyNDg4NDNhM2FjZmQ4YzliOWUyNmQyYzJlNjc5MzVjIn0sImxheWVycyI6W3sibWVkaWFUeXBlIjoiYXBwbGljYXRpb24vdm5kLmRvY2tlci5pbWFnZS5yb290ZnMuZGlmZi50YXIuZ3ppcCIsInNpemUiOjIwNDgsImRpZ2VzdCI6InNoYTI1NjpiODhhMjQzMjNmMTkyOGRiNWE0MWJlYWU3MjZmZjFiZTRkNzljNmYyYjFmZGIzZjEwNDVkZjBiZjY0YzcxZWMyIn0seyJtZWRpYVR5cGUiOiJhcHBsaWNhdGlvbi92bmQuZG9ja2VyLmltYWdlLnJvb3Rmcy5kaWZmLnRhci5nemlwIiwic2l6ZSI6MjA0OCwiZGlnZXN0Ijoic2hhMjU2OmU4ZjA3YTk4MTUwYWRiZTkyYTIwYjYwODg2MmY5OGQ1MGQ2NjQ1ZGVmZmQ3OTM1NDBkNWQzN2UwOTgzODc3ODIifSx7Im1lZGlhVHlwZSI6ImFwcGxpY2F0aW9uL3ZuZC5kb2NrZXIuaW1hZ2Uucm9vdGZzLmRpZmYudGFyLmd6aXAiLCJzaXplIjozNTg0LCJkaWdlc3QiOiJzaGEyNTY6MTcxMzgzNjZmZGMyNjBmYjFlYWQyZjQxNTNkN2NjMmQyMTcyNzNiNTI2NDEzYTE0ZTM5NjQyYWE2ZTViMTc3NCJ9XX0=",
   "config": "eyJhcmNoaXRlY3R1cmUiOiJhbWQ2NCIsImNvbmZpZyI6eyJFbnYiOlsiUEFUSD0vdXNyL2xvY2FsL3NiaW46L3Vzci9sb2NhbC9iaW46L3Vzci9zYmluOi91c3IvYmluOi9zYmluOi9iaW4iXSwiV29ya2luZ0RpciI6Ii8iLCJPbkJ1aWxkIjpudWxsfSwiY3JlYXRlZCI6IjIwMjEtMDQtMDlUMTI6Mzk6MTAuOTYxOTc3N1oiLCJoaXN0b3J5IjpbeyJjcmVhdGVkIjoiMjAyMS0wNC0wOVQxMjozOToxMC44Mjc2NzMxWiIsImNyZWF0ZWRfYnkiOiJBREQgZmlsZS0xLnR4dCAvc29tZWZpbGUtMS50eHQgIyBidWlsZGtpdCIsImNvbW1lbnQiOiJidWlsZGtpdC5kb2NrZXJmaWxlLnYwIn0seyJjcmVhdGVkIjoiMjAyMS0wNC0wOVQxMjozOToxMC45MDI2NDM3WiIsImNyZWF0ZWRfYnkiOiJBREQgZmlsZS0yLnR4dCAvc29tZWZpbGUtMi50eHQgIyBidWlsZGtpdCIsImNvbW1lbnQiOiJidWlsZGtpdC5kb2NrZXJmaWxlLnYwIn0seyJjcmVhdGVkIjoiMjAyMS0wNC0wOVQxMjozOToxMC45NjE5Nzc3WiIsImNyZWF0ZWRfYnkiOiJBREQgdGFyZ2V0IC8gIyBidWlsZGtpdCIsImNvbW1lbnQiOiJidWlsZGtpdC5kb2NrZXJmaWxlLnYwIn1dLCJvcyI6ImxpbnV4Iiwicm9vdGZzIjp7InR5cGUiOiJsYXllcnMiLCJkaWZmX2lkcyI6WyJzaGEyNTY6Yjg4YTI0MzIzZjE5MjhkYjVhNDFiZWFlNzI2ZmYxYmU0ZDc5YzZmMmIxZmRiM2YxMDQ1ZGYwYmY2NGM3MWVjMiIsInNoYTI1NjplOGYwN2E5ODE1MGFkYmU5MmEyMGI2MDg4NjJmOThkNTBkNjY0NWRlZmZkNzkzNTQwZDVkMzdlMDk4Mzg3NzgyIiwic2hhMjU2OjE3MTM4MzY2ZmRjMjYwZmIxZWFkMmY0MTUzZDdjYzJkMjE3MjczYjUyNjQxM2ExNGUzOTY0MmFhNmU1YjE3NzQiXX19",
   "repoDigests": []
  }
 },
 "distro": {
  "name": "centos",
  "version": "8.0",
  "idLike": "rhel"
 },
 "descriptor": {
  "name": "grype",
  "version": "[not provided]",
  "configuration": {
   "ConfigPath": "config-path",
   "Output": "output",
   "OutputTemplateFile": "",
   "Scope": "scope",
   "Quiet": false,
   "Log": {
    "Structured": false,
    "Level": "",
    "FileLocation": ""
   },
   "CliOptions": {
    "ConfigPath": "",
    "Verbosity": 0
   },
   "Db": {
    "Dir": "",
    "UpdateURL": "",
    "AutoUpdate": false,
    "ValidateByHashOnStart": false
   },
   "Dev": {
    "ProfileCPU": false
   },
   "CheckForAppUpdate": false,
   "FailOn": ""
  }
 }
}
